2025-07-14 11:28:04,226 - INFO - ML Pipeline Started
2025-07-14 11:28:04,263 - INFO - Loading datasets...
2025-07-14 11:28:04,362 - INFO - Data loaded - Train: (1460, 81), Test: (1459, 80)
2025-07-14 11:28:04,363 - INFO - Starting data preprocessing...
2025-07-14 11:28:04,423 - INFO - Missing values handled
2025-07-14 11:28:04,509 - INFO - One-hot encoding completed - Features: 305
2025-07-14 11:28:04,531 - INFO - Data split completed - Train: (1168, 303), Val: (292, 303)
2025-07-14 11:28:04,564 - INFO - Starting baseline model evaluation...
2025-07-14 11:28:04,604 - INFO - Training Linear Regression...
2025-07-14 11:28:04,858 - INFO - Linear Regression - Val RMSE: 65386.51, Val R²: 0.443
2025-07-14 11:28:04,859 - INFO - Training Ridge...
2025-07-14 11:28:04,961 - INFO - Ridge - Val RMSE: 29722.20, Val R²: 0.885
2025-07-14 11:28:04,961 - INFO - Training Lasso...
2025-07-14 11:28:05,208 - INFO - Lasso - Val RMSE: 29804.39, Val R²: 0.884
2025-07-14 11:28:05,209 - INFO - Training Random Forest...
2025-07-14 11:28:11,906 - INFO - Random Forest - Val RMSE: 29534.81, Val R²: 0.886
2025-07-14 11:28:11,906 - INFO - Training Gradient Boosting...
2025-07-14 11:28:13,102 - INFO - Gradient Boosting - Val RMSE: 27263.86, Val R²: 0.903
2025-07-14 11:28:13,103 - INFO - Training XGBoost...
2025-07-14 11:28:14,697 - INFO - XGBoost - Val RMSE: 26063.43, Val R²: 0.911
2025-07-14 11:28:14,699 - INFO - Training SVR...
2025-07-14 11:28:16,027 - INFO - SVR - Val RMSE: 88653.05, Val R²: -0.025
2025-07-14 11:28:16,083 - INFO - Baseline evaluation completed. Best model: XGBoost
2025-07-14 11:28:16,218 - INFO - Starting hyperparameter tuning...
2025-07-14 11:28:16,305 - INFO - Tuning Random Forest hyperparameters...
2025-07-14 11:29:52,394 - INFO - Random Forest best params: {'n_estimators': 100, 'min_samples_split': 2, 'max_depth': None}
2025-07-14 11:30:03,274 - INFO - Random Forest tuned - Val RMSE: 29534.81, Val R²: 0.886
2025-07-14 11:30:03,277 - INFO - Tuning Gradient Boosting hyperparameters...
2025-07-14 11:30:44,970 - INFO - Gradient Boosting best params: {'n_estimators': 200, 'max_depth': 3, 'learning_rate': 0.2}
2025-07-14 11:30:49,570 - INFO - Gradient Boosting tuned - Val RMSE: 29256.35, Val R²: 0.888
2025-07-14 11:30:49,574 - INFO - Tuning XGBoost hyperparameters...
2025-07-14 11:31:38,068 - INFO - XGBoost best params: {'n_estimators': 200, 'max_depth': 3, 'learning_rate': 0.05}
2025-07-14 11:31:40,541 - INFO - XGBoost tuned - Val RMSE: 25953.76, Val R²: 0.912
2025-07-14 11:31:40,568 - INFO - Hyperparameter tuning completed
2025-07-14 11:31:40,711 - INFO - Performing final model comparison...
2025-07-14 11:31:40,745 - INFO - Best model selected: XGBoost (Tuned)
2025-07-14 11:31:40,754 - INFO - Best model performance - RMSE: 25953.76, R²: 0.910
2025-07-14 11:31:40,818 - INFO - Hyperparameter tuning improvement: 0.4%
2025-07-14 11:31:40,914 - INFO - Generating final predictions...
2025-07-14 11:32:51,537 - INFO - ML Pipeline Started
2025-07-14 11:32:51,590 - INFO - Loading datasets...
2025-07-14 11:32:51,709 - INFO - Data loaded - Train: (1460, 81), Test: (1459, 80)
2025-07-14 11:32:51,710 - INFO - Starting data preprocessing...
2025-07-14 11:32:51,767 - INFO - Missing values handled
2025-07-14 11:32:51,851 - INFO - One-hot encoding completed - Features: 305
2025-07-14 11:32:51,875 - INFO - Data split completed - Train: (1168, 303), Val: (292, 303)
2025-07-14 11:32:51,906 - INFO - Starting baseline model evaluation...
2025-07-14 11:32:51,944 - INFO - Training Linear Regression...
2025-07-14 11:32:52,964 - INFO - Linear Regression - Val RMSE: 65386.51, Val R²: 0.443
2025-07-14 11:32:52,965 - INFO - Training Ridge...
2025-07-14 11:32:53,090 - INFO - Ridge - Val RMSE: 29722.20, Val R²: 0.885
2025-07-14 11:32:53,091 - INFO - Training Lasso...
2025-07-14 11:32:53,281 - INFO - Lasso - Val RMSE: 29804.39, Val R²: 0.884
2025-07-14 11:32:53,284 - INFO - Training Random Forest...
2025-07-14 11:32:59,114 - INFO - Random Forest - Val RMSE: 29534.81, Val R²: 0.886
2025-07-14 11:32:59,116 - INFO - Training Gradient Boosting...
2025-07-14 11:33:00,448 - INFO - Gradient Boosting - Val RMSE: 27263.86, Val R²: 0.903
2025-07-14 11:33:00,450 - INFO - Training XGBoost...
2025-07-14 11:33:01,542 - INFO - XGBoost - Val RMSE: 26063.43, Val R²: 0.911
2025-07-14 11:33:01,546 - INFO - Training SVR...
2025-07-14 11:33:02,746 - INFO - SVR - Val RMSE: 88653.05, Val R²: -0.025
2025-07-14 11:33:02,751 - INFO - Baseline evaluation completed. Best model: XGBoost
2025-07-14 11:33:02,789 - INFO - Starting hyperparameter tuning...
2025-07-14 11:33:02,815 - INFO - Tuning Random Forest hyperparameters...
2025-07-14 11:34:19,773 - INFO - Random Forest best params: {'n_estimators': 100, 'min_samples_split': 2, 'max_depth': None}
2025-07-14 11:34:38,078 - INFO - Random Forest tuned - Val RMSE: 29534.81, Val R²: 0.886
2025-07-14 11:34:38,080 - INFO - Tuning Gradient Boosting hyperparameters...
2025-07-14 11:35:20,813 - INFO - Gradient Boosting best params: {'n_estimators': 200, 'max_depth': 3, 'learning_rate': 0.2}
2025-07-14 11:35:25,106 - INFO - Gradient Boosting tuned - Val RMSE: 29256.35, Val R²: 0.888
2025-07-14 11:35:25,106 - INFO - Tuning XGBoost hyperparameters...
2025-07-14 11:36:00,797 - INFO - XGBoost best params: {'n_estimators': 200, 'max_depth': 3, 'learning_rate': 0.05}
2025-07-14 11:36:02,540 - INFO - XGBoost tuned - Val RMSE: 25953.76, Val R²: 0.912
2025-07-14 11:36:02,589 - INFO - Hyperparameter tuning completed
2025-07-14 11:36:02,807 - INFO - Performing final model comparison...
2025-07-14 11:36:02,819 - INFO - Best model selected: XGBoost (Tuned)
2025-07-14 11:36:02,834 - INFO - Best model performance - RMSE: 25953.76, R²: 0.910
2025-07-14 11:36:02,930 - INFO - Hyperparameter tuning improvement: 0.4%
2025-07-14 11:36:03,014 - INFO - Generating final predictions...
2025-07-14 11:36:03,412 - INFO - Final submission saved using XGBoost (Tuned)
2025-07-14 11:36:03,415 - INFO - Predictions range: $56,270 - $501,654
2025-07-14 11:36:03,417 - INFO - ML Pipeline completed successfully
